Performing system checks...

USING ledger.py: E:\tenant_management_system\payments\ledger.py
May 16, 2026 - 13:21:18
Django version 5.2.4, using settings 'tms.settings'
Starting development server at http://192.168.100.28:8000/
Quit the server with CTRL-BREAK.

WARNING: This is a development server. Do not use it in a production setting. Use a production WSGI or ASGI server instead.
For more information on production servers see: https://docs.djangoproject.com/en/5.2/howto/deployment/
Performing system checks...

USING ledger.py: E:\tenant_management_system\payments\ledger.py
May 16, 2026 - 13:47:21
Django version 5.2.4, using settings 'tms.settings'
Starting development server at http://192.168.100.28:8000/
Quit the server with CTRL-BREAK.

WARNING: This is a development server. Do not use it in a production setting. Use a production WSGI or ASGI server instead.
For more information on production servers see: https://docs.djangoproject.com/en/5.2/howto/deployment/
Performing system checks...

USING ledger.py: E:\tenant_management_system\payments\ledger.py
May 16, 2026 - 13:47:47
Django version 5.2.4, using settings 'tms.settings'
Starting development server at http://192.168.100.28:8000/
Quit the server with CTRL-BREAK.

WARNING: This is a development server. Do not use it in a production setting. Use a production WSGI or ASGI server instead.
For more information on production servers see: https://docs.djangoproject.com/en/5.2/howto/deployment/
Performing system checks...

USING ledger.py: E:\tenant_management_system\payments\ledger.py
May 16, 2026 - 13:49:02
Django version 5.2.4, using settings 'tms.settings'
Starting development server at http://192.168.100.28:8000/
Quit the server with CTRL-BREAK.

WARNING: This is a development server. Do not use it in a production setting. Use a production WSGI or ASGI server instead.
For more information on production servers see: https://docs.djangoproject.com/en/5.2/howto/deployment/
Performing system checks...

USING ledger.py: E:\tenant_management_system\payments\ledger.py
May 16, 2026 - 13:49:27
Django version 5.2.4, using settings 'tms.settings'
Starting development server at http://192.168.100.28:8000/
Quit the server with CTRL-BREAK.

WARNING: This is a development server. Do not use it in a production setting. Use a production WSGI or ASGI server instead.
For more information on production servers see: https://docs.djangoproject.com/en/5.2/howto/deployment/
Performing system checks...

USING ledger.py: E:\tenant_management_system\payments\ledger.py
May 16, 2026 - 13:49:36
Django version 5.2.4, using settings 'tms.settings'
Starting development server at http://192.168.100.28:8000/
Quit the server with CTRL-BREAK.

WARNING: This is a development server. Do not use it in a production setting. Use a production WSGI or ASGI server instead.
For more information on production servers see: https://docs.djangoproject.com/en/5.2/howto/deployment/
Performing system checks...

USING ledger.py: E:\tenant_management_system\payments\ledger.py
May 16, 2026 - 13:49:54
Django version 5.2.4, using settings 'tms.settings'
Starting development server at http://192.168.100.28:8000/
Quit the server with CTRL-BREAK.

WARNING: This is a development server. Do not use it in a production setting. Use a production WSGI or ASGI server instead.
For more information on production servers see: https://docs.djangoproject.com/en/5.2/howto/deployment/
Performing system checks...

USING ledger.py: E:\tenant_management_system\payments\ledger.py

You have 1 unapplied migration(s). Your project may not work properly until you apply the migrations for app(s): leases.
Run 'python manage.py migrate' to apply them.
May 16, 2026 - 13:51:27
Django version 5.2.4, using settings 'tms.settings'
Starting development server at http://192.168.100.28:8000/
Quit the server with CTRL-BREAK.

WARNING: This is a development server. Do not use it in a production setting. Use a production WSGI or ASGI server instead.
For more information on production servers see: https://docs.djangoproject.com/en/5.2/howto/deployment/
Performing system checks...

USING ledger.py: E:\tenant_management_system\payments\ledger.py

You have 1 unapplied migration(s). Your project may not work properly until you apply the migrations for app(s): leases.
Run 'python manage.py migrate' to apply them.
May 16, 2026 - 13:51:42
Django version 5.2.4, using settings 'tms.settings'
Starting development server at http://192.168.100.28:8000/
Quit the server with CTRL-BREAK.

WARNING: This is a development server. Do not use it in a production setting. Use a production WSGI or ASGI server instead.
For more information on production servers see: https://docs.djangoproject.com/en/5.2/howto/deployment/
Performing system checks...

USING ledger.py: E:\tenant_management_system\payments\ledger.py

You have 1 unapplied migration(s). Your project may not work properly until you apply the migrations for app(s): leases.
Run 'python manage.py migrate' to apply them.
May 16, 2026 - 13:52:07
Django version 5.2.4, using settings 'tms.settings'
Starting development server at http://192.168.100.28:8000/
Quit the server with CTRL-BREAK.

WARNING: This is a development server. Do not use it in a production setting. Use a production WSGI or ASGI server instead.
For more information on production servers see: https://docs.djangoproject.com/en/5.2/howto/deployment/
Performing system checks...

USING ledger.py: E:\tenant_management_system\payments\ledger.py

You have 1 unapplied migration(s). Your project may not work properly until you apply the migrations for app(s): leases.
Run 'python manage.py migrate' to apply them.
May 16, 2026 - 13:52:20
Django version 5.2.4, using settings 'tms.settings'
Starting development server at http://192.168.100.28:8000/
Quit the server with CTRL-BREAK.

WARNING: This is a development server. Do not use it in a production setting. Use a production WSGI or ASGI server instead.
For more information on production servers see: https://docs.djangoproject.com/en/5.2/howto/deployment/
Error replacing WARDROBE: 'Unit' object has no attribute 'wardrobe'
Error replacing WARDROBE: 'Unit' object has no attribute 'wardrobe'
Performing system checks...

USING ledger.py: E:\tenant_management_system\payments\ledger.py
May 16, 2026 - 13:59:18
Django version 5.2.4, using settings 'tms.settings'
Starting development server at http://192.168.100.28:8000/
Quit the server with CTRL-BREAK.

WARNING: This is a development server. Do not use it in a production setting. Use a production WSGI or ASGI server instead.
For more information on production servers see: https://docs.djangoproject.com/en/5.2/howto/deployment/
Performing system checks...

USING ledger.py: E:\tenant_management_system\payments\ledger.py
May 16, 2026 - 13:59:31
Django version 5.2.4, using settings 'tms.settings'
Starting development server at http://192.168.100.28:8000/
Quit the server with CTRL-BREAK.

WARNING: This is a development server. Do not use it in a production setting. Use a production WSGI or ASGI server instead.
For more information on production servers see: https://docs.djangoproject.com/en/5.2/howto/deployment/
Performing system checks...

USING ledger.py: E:\tenant_management_system\payments\ledger.py

You have 1 unapplied migration(s). Your project may not work properly until you apply the migrations for app(s): leases.
Run 'python manage.py migrate' to apply them.
May 16, 2026 - 13:59:49
Django version 5.2.4, using settings 'tms.settings'
Starting development server at http://192.168.100.28:8000/
Quit the server with CTRL-BREAK.

WARNING: This is a development server. Do not use it in a production setting. Use a production WSGI or ASGI server instead.
For more information on production servers see: https://docs.djangoproject.com/en/5.2/howto/deployment/
Performing system checks...

USING ledger.py: E:\tenant_management_system\payments\ledger.py
May 16, 2026 - 14:09:42
Django version 5.2.4, using settings 'tms.settings'
Starting development server at http://192.168.100.28:8000/
Quit the server with CTRL-BREAK.

WARNING: This is a development server. Do not use it in a production setting. Use a production WSGI or ASGI server instead.
For more information on production servers see: https://docs.djangoproject.com/en/5.2/howto/deployment/
Performing system checks...

USING ledger.py: E:\tenant_management_system\payments\ledger.py
May 16, 2026 - 14:10:11
Django version 5.2.4, using settings 'tms.settings'
Starting development server at http://192.168.100.28:8000/
Quit the server with CTRL-BREAK.

WARNING: This is a development server. Do not use it in a production setting. Use a production WSGI or ASGI server instead.
For more information on production servers see: https://docs.djangoproject.com/en/5.2/howto/deployment/
Performing system checks...

USING ledger.py: E:\tenant_management_system\payments\ledger.py
May 16, 2026 - 14:10:39
Django version 5.2.4, using settings 'tms.settings'
Starting development server at http://192.168.100.28:8000/
Quit the server with CTRL-BREAK.

WARNING: This is a development server. Do not use it in a production setting. Use a production WSGI or ASGI server instead.
For more information on production servers see: https://docs.djangoproject.com/en/5.2/howto/deployment/
Performing system checks...

USING ledger.py: E:\tenant_management_system\payments\ledger.py
May 16, 2026 - 14:10:50
Django version 5.2.4, using settings 'tms.settings'
Starting development server at http://192.168.100.28:8000/
Quit the server with CTRL-BREAK.

WARNING: This is a development server. Do not use it in a production setting. Use a production WSGI or ASGI server instead.
For more information on production servers see: https://docs.djangoproject.com/en/5.2/howto/deployment/
Performing system checks...

USING ledger.py: E:\tenant_management_system\payments\ledger.py
May 16, 2026 - 14:13:08
Django version 5.2.4, using settings 'tms.settings'
Starting development server at http://192.168.100.28:8000/
Quit the server with CTRL-BREAK.

WARNING: This is a development server. Do not use it in a production setting. Use a production WSGI or ASGI server instead.
For more information on production servers see: https://docs.djangoproject.com/en/5.2/howto/deployment/
Error replacing WARDROBE: 'Unit' object has no attribute 'wardrobe'
Performing system checks...

USING ledger.py: E:\tenant_management_system\payments\ledger.py
May 16, 2026 - 14:16:28
Django version 5.2.4, using settings 'tms.settings'
Starting development server at http://192.168.100.28:8000/
Quit the server with CTRL-BREAK.

WARNING: This is a development server. Do not use it in a production setting. Use a production WSGI or ASGI server instead.
For more information on production servers see: https://docs.djangoproject.com/en/5.2/howto/deployment/
Performing system checks...

USING ledger.py: E:\tenant_management_system\payments\ledger.py
May 16, 2026 - 14:16:45
Django version 5.2.4, using settings 'tms.settings'
Starting development server at http://192.168.100.28:8000/
Quit the server with CTRL-BREAK.

WARNING: This is a development server. Do not use it in a production setting. Use a production WSGI or ASGI server instead.
For more information on production servers see: https://docs.djangoproject.com/en/5.2/howto/deployment/
Performing system checks...

USING ledger.py: E:\tenant_management_system\payments\ledger.py
May 16, 2026 - 14:20:10
Django version 5.2.4, using settings 'tms.settings'
Starting development server at http://192.168.100.28:8000/
Quit the server with CTRL-BREAK.

WARNING: This is a development server. Do not use it in a production setting. Use a production WSGI or ASGI server instead.
For more information on production servers see: https://docs.djangoproject.com/en/5.2/howto/deployment/
Performing system checks...

USING ledger.py: E:\tenant_management_system\payments\ledger.py
May 16, 2026 - 14:20:19
Django version 5.2.4, using settings 'tms.settings'
Starting development server at http://192.168.100.28:8000/
Quit the server with CTRL-BREAK.

WARNING: This is a development server. Do not use it in a production setting. Use a production WSGI or ASGI server instead.
For more information on production servers see: https://docs.djangoproject.com/en/5.2/howto/deployment/
Performing system checks...

USING ledger.py: E:\tenant_management_system\payments\ledger.py
May 16, 2026 - 14:20:28
Django version 5.2.4, using settings 'tms.settings'
Starting development server at http://192.168.100.28:8000/
Quit the server with CTRL-BREAK.

WARNING: This is a development server. Do not use it in a production setting. Use a production WSGI or ASGI server instead.
For more information on production servers see: https://docs.djangoproject.com/en/5.2/howto/deployment/
Performing system checks...

USING ledger.py: E:\tenant_management_system\payments\ledger.py

You have 2 unapplied migration(s). Your project may not work properly until you apply the migrations for app(s): leases.
Run 'python manage.py migrate' to apply them.
May 16, 2026 - 14:21:12
Django version 5.2.4, using settings 'tms.settings'
Starting development server at http://192.168.100.28:8000/
Quit the server with CTRL-BREAK.

WARNING: This is a development server. Do not use it in a production setting. Use a production WSGI or ASGI server instead.
For more information on production servers see: https://docs.djangoproject.com/en/5.2/howto/deployment/
Performing system checks...

USING ledger.py: E:\tenant_management_system\payments\ledger.py

You have 2 unapplied migration(s). Your project may not work properly until you apply the migrations for app(s): leases.
Run 'python manage.py migrate' to apply them.
May 16, 2026 - 14:21:20
Django version 5.2.4, using settings 'tms.settings'
Starting development server at http://192.168.100.28:8000/
Quit the server with CTRL-BREAK.

WARNING: This is a development server. Do not use it in a production setting. Use a production WSGI or ASGI server instead.
For more information on production servers see: https://docs.djangoproject.com/en/5.2/howto/deployment/
Performing system checks...

USING ledger.py: E:\tenant_management_system\payments\ledger.py

You have 2 unapplied migration(s). Your project may not work properly until you apply the migrations for app(s): leases.
Run 'python manage.py migrate' to apply them.
May 16, 2026 - 14:21:33
Django version 5.2.4, using settings 'tms.settings'
Starting development server at http://192.168.100.28:8000/
Quit the server with CTRL-BREAK.

WARNING: This is a development server. Do not use it in a production setting. Use a production WSGI or ASGI server instead.
For more information on production servers see: https://docs.djangoproject.com/en/5.2/howto/deployment/
Performing system checks...

USING ledger.py: E:\tenant_management_system\payments\ledger.py
May 16, 2026 - 14:25:16
Django version 5.2.4, using settings 'tms.settings'
Starting development server at http://192.168.100.28:8000/
Quit the server with CTRL-BREAK.

WARNING: This is a development server. Do not use it in a production setting. Use a production WSGI or ASGI server instead.
For more information on production servers see: https://docs.djangoproject.com/en/5.2/howto/deployment/
Performing system checks...

